Analysis & Elaboration report for ALU
Sat Dec 23 22:21:31 2023
Quartus Prime Version 21.1.1 Build 850 06/23/2022 SJ Lite Edition


---------------------
; Table of Contents ;
---------------------
  1. Legal Notice
  2. Analysis & Elaboration Summary
  3. Parallel Compilation
  4. Analysis & Elaboration Settings
  5. Analysis & Elaboration Messages



----------------
; Legal Notice ;
----------------
Copyright (C) 2022  Intel Corporation. All rights reserved.
Your use of Intel Corporation's design tools, logic functions 
and other software and tools, and any partner logic 
functions, and any output files from any of the foregoing 
(including device programming or simulation files), and any 
associated documentation or information are expressly subject 
to the terms and conditions of the Intel Program License 
Subscription Agreement, the Intel Quartus Prime License Agreement,
the Intel FPGA IP License Agreement, or other applicable license
agreement, including, without limitation, that your use is for
the sole purpose of programming logic devices manufactured by
Intel and sold by Intel or its authorized distributors.  Please
refer to the applicable agreement for further details, at
https://fpgasoftware.intel.com/eula.



+-----------------------------------------------------------------------------+
; Analysis & Elaboration Summary                                              ;
+-------------------------------+---------------------------------------------+
; Analysis & Elaboration Status ; Successful - Sat Dec 23 22:21:31 2023       ;
; Quartus Prime Version         ; 21.1.1 Build 850 06/23/2022 SJ Lite Edition ;
; Revision Name                 ; ALU                                         ;
; Top-level Entity Name         ; ALU                                         ;
; Family                        ; Cyclone V                                   ;
; Logic utilization (in ALMs)   ; N/A until Partition Merge                   ;
; Total registers               ; N/A until Partition Merge                   ;
; Total pins                    ; N/A until Partition Merge                   ;
; Total virtual pins            ; N/A until Partition Merge                   ;
; Total block memory bits       ; N/A until Partition Merge                   ;
; Total PLLs                    ; N/A until Partition Merge                   ;
; Total DLLs                    ; N/A until Partition Merge                   ;
+-------------------------------+---------------------------------------------+


+------------------------------------------+
; Parallel Compilation                     ;
+----------------------------+-------------+
; Processors                 ; Number      ;
+----------------------------+-------------+
; Number detected on machine ; 16          ;
; Maximum allowed            ; 16          ;
;                            ;             ;
; Average used               ; 1.00        ;
; Maximum used               ; 1           ;
;                            ;             ;
; Usage by Processor         ; % Time Used ;
;     Processor 1            ; 100.0%      ;
+----------------------------+-------------+


+---------------------------------------------------------------------------------------------------------------------------+
; Analysis & Elaboration Settings                                                                                           ;
+---------------------------------------------------------------------------------+--------------------+--------------------+
; Option                                                                          ; Setting            ; Default Value      ;
+---------------------------------------------------------------------------------+--------------------+--------------------+
; Device                                                                          ; 5CGXFC7C7F23C8     ;                    ;
; Top-level entity name                                                           ; ALU                ; ALU                ;
; Family name                                                                     ; Cyclone V          ; Cyclone V          ;
; Use smart compilation                                                           ; Off                ; Off                ;
; Enable parallel Assembler and Timing Analyzer during compilation                ; On                 ; On                 ;
; Enable compact report table                                                     ; Off                ; Off                ;
; Restructure Multiplexers                                                        ; Auto               ; Auto               ;
; MLAB Add Timing Constraints For Mixed-Port Feed-Through Mode Setting Don't Care ; Off                ; Off                ;
; Create Debugging Nodes for IP Cores                                             ; Off                ; Off                ;
; Preserve fewer node names                                                       ; On                 ; On                 ;
; Intel FPGA IP Evaluation Mode                                                   ; Enable             ; Enable             ;
; Verilog Version                                                                 ; Verilog_2001       ; Verilog_2001       ;
; VHDL Version                                                                    ; VHDL_1993          ; VHDL_1993          ;
; State Machine Processing                                                        ; Auto               ; Auto               ;
; Safe State Machine                                                              ; Off                ; Off                ;
; Extract Verilog State Machines                                                  ; On                 ; On                 ;
; Extract VHDL State Machines                                                     ; On                 ; On                 ;
; Ignore Verilog initial constructs                                               ; Off                ; Off                ;
; Iteration limit for constant Verilog loops                                      ; 5000               ; 5000               ;
; Iteration limit for non-constant Verilog loops                                  ; 250                ; 250                ;
; Add Pass-Through Logic to Inferred RAMs                                         ; On                 ; On                 ;
; Infer RAMs from Raw Logic                                                       ; On                 ; On                 ;
; Parallel Synthesis                                                              ; On                 ; On                 ;
; DSP Block Balancing                                                             ; Auto               ; Auto               ;
; NOT Gate Push-Back                                                              ; On                 ; On                 ;
; Power-Up Don't Care                                                             ; On                 ; On                 ;
; Remove Redundant Logic Cells                                                    ; Off                ; Off                ;
; Remove Duplicate Registers                                                      ; On                 ; On                 ;
; Ignore CARRY Buffers                                                            ; Off                ; Off                ;
; Ignore CASCADE Buffers                                                          ; Off                ; Off                ;
; Ignore GLOBAL Buffers                                                           ; Off                ; Off                ;
; Ignore ROW GLOBAL Buffers                                                       ; Off                ; Off                ;
; Ignore LCELL Buffers                                                            ; Off                ; Off                ;
; Ignore SOFT Buffers                                                             ; On                 ; On                 ;
; Limit AHDL Integers to 32 Bits                                                  ; Off                ; Off                ;
; Optimization Technique                                                          ; Balanced           ; Balanced           ;
; Carry Chain Length                                                              ; 70                 ; 70                 ;
; Auto Carry Chains                                                               ; On                 ; On                 ;
; Auto Open-Drain Pins                                                            ; On                 ; On                 ;
; Perform WYSIWYG Primitive Resynthesis                                           ; Off                ; Off                ;
; Auto ROM Replacement                                                            ; On                 ; On                 ;
; Auto RAM Replacement                                                            ; On                 ; On                 ;
; Auto DSP Block Replacement                                                      ; On                 ; On                 ;
; Auto Shift Register Replacement                                                 ; Auto               ; Auto               ;
; Allow Shift Register Merging across Hierarchies                                 ; Auto               ; Auto               ;
; Auto Clock Enable Replacement                                                   ; On                 ; On                 ;
; Strict RAM Replacement                                                          ; Off                ; Off                ;
; Allow Synchronous Control Signals                                               ; On                 ; On                 ;
; Force Use of Synchronous Clear Signals                                          ; Off                ; Off                ;
; Auto Resource Sharing                                                           ; Off                ; Off                ;
; Allow Any RAM Size For Recognition                                              ; Off                ; Off                ;
; Allow Any ROM Size For Recognition                                              ; Off                ; Off                ;
; Allow Any Shift Register Size For Recognition                                   ; Off                ; Off                ;
; Use LogicLock Constraints during Resource Balancing                             ; On                 ; On                 ;
; Ignore translate_off and synthesis_off directives                               ; Off                ; Off                ;
; Timing-Driven Synthesis                                                         ; On                 ; On                 ;
; Report Parameter Settings                                                       ; On                 ; On                 ;
; Report Source Assignments                                                       ; On                 ; On                 ;
; Report Connectivity Checks                                                      ; On                 ; On                 ;
; Ignore Maximum Fan-Out Assignments                                              ; Off                ; Off                ;
; Synchronization Register Chain Length                                           ; 3                  ; 3                  ;
; Power Optimization During Synthesis                                             ; Normal compilation ; Normal compilation ;
; HDL message level                                                               ; Level2             ; Level2             ;
; Suppress Register Optimization Related Messages                                 ; Off                ; Off                ;
; Number of Removed Registers Reported in Synthesis Report                        ; 5000               ; 5000               ;
; Number of Swept Nodes Reported in Synthesis Report                              ; 5000               ; 5000               ;
; Number of Inverted Registers Reported in Synthesis Report                       ; 100                ; 100                ;
; Clock MUX Protection                                                            ; On                 ; On                 ;
; Auto Gated Clock Conversion                                                     ; Off                ; Off                ;
; Block Design Naming                                                             ; Auto               ; Auto               ;
; SDC constraint protection                                                       ; Off                ; Off                ;
; Synthesis Effort                                                                ; Auto               ; Auto               ;
; Shift Register Replacement - Allow Asynchronous Clear Signal                    ; On                 ; On                 ;
; Pre-Mapping Resynthesis Optimization                                            ; Off                ; Off                ;
; Analysis & Synthesis Message Level                                              ; Medium             ; Medium             ;
; Disable Register Merging Across Hierarchies                                     ; Auto               ; Auto               ;
; Resource Aware Inference For Block RAM                                          ; On                 ; On                 ;
; Automatic Parallel Synthesis                                                    ; On                 ; On                 ;
; Partial Reconfiguration Bitstream ID                                            ; Off                ; Off                ;
+---------------------------------------------------------------------------------+--------------------+--------------------+


+---------------------------------+
; Analysis & Elaboration Messages ;
+---------------------------------+
Info: *******************************************************************
Info: Running Quartus Prime Analysis & Elaboration
    Info: Version 21.1.1 Build 850 06/23/2022 SJ Lite Edition
    Info: Processing started: Sat Dec 23 22:21:22 2023
Info: Command: quartus_map --read_settings_files=on --write_settings_files=off ALU -c ALU --analysis_and_elaboration
Warning (18236): Number of processors has not been specified which may cause overloading on shared machines.  Set the global assignment NUM_PARALLEL_PROCESSORS in your QSF to an appropriate value for best performance.
Info (20030): Parallel compilation is enabled and will use 16 of the 16 processors detected
Warning (12125): Using design file alu.vhd, which is not specified as a design file for the current project, but contains definitions for 2 design units and 1 entities in project
    Info (12022): Found design unit 1: ALU-rtl File: C:/Users/Evandita/Documents/GitHub/Proyek-Akhir-PSD-Kelompok-BP06/alu.vhd Line: 54
    Info (12023): Found entity 1: ALU File: C:/Users/Evandita/Documents/GitHub/Proyek-Akhir-PSD-Kelompok-BP06/alu.vhd Line: 5
Info (12127): Elaborating entity "ALU" for the top level hierarchy
Warning (10492): VHDL Process Statement warning at alu.vhd(82): signal "OPCODE" is read inside the Process Statement but isn't in the Process Statement's sensitivity list File: C:/Users/Evandita/Documents/GitHub/Proyek-Akhir-PSD-Kelompok-BP06/alu.vhd Line: 82
Warning (10492): VHDL Process Statement warning at alu.vhd(85): signal "OPERAND_11_A" is read inside the Process Statement but isn't in the Process Statement's sensitivity list File: C:/Users/Evandita/Documents/GitHub/Proyek-Akhir-PSD-Kelompok-BP06/alu.vhd Line: 85
Warning (10492): VHDL Process Statement warning at alu.vhd(85): signal "OPERAND_11_B" is read inside the Process Statement but isn't in the Process Statement's sensitivity list File: C:/Users/Evandita/Documents/GitHub/Proyek-Akhir-PSD-Kelompok-BP06/alu.vhd Line: 85
Warning (10492): VHDL Process Statement warning at alu.vhd(86): signal "OPERAND_12_A" is read inside the Process Statement but isn't in the Process Statement's sensitivity list File: C:/Users/Evandita/Documents/GitHub/Proyek-Akhir-PSD-Kelompok-BP06/alu.vhd Line: 86
Warning (10492): VHDL Process Statement warning at alu.vhd(86): signal "OPERAND_12_B" is read inside the Process Statement but isn't in the Process Statement's sensitivity list File: C:/Users/Evandita/Documents/GitHub/Proyek-Akhir-PSD-Kelompok-BP06/alu.vhd Line: 86
Warning (10492): VHDL Process Statement warning at alu.vhd(87): signal "OPERAND_13_A" is read inside the Process Statement but isn't in the Process Statement's sensitivity list File: C:/Users/Evandita/Documents/GitHub/Proyek-Akhir-PSD-Kelompok-BP06/alu.vhd Line: 87
Warning (10492): VHDL Process Statement warning at alu.vhd(87): signal "OPERAND_13_B" is read inside the Process Statement but isn't in the Process Statement's sensitivity list File: C:/Users/Evandita/Documents/GitHub/Proyek-Akhir-PSD-Kelompok-BP06/alu.vhd Line: 87
Warning (10492): VHDL Process Statement warning at alu.vhd(88): signal "OPERAND_21_A" is read inside the Process Statement but isn't in the Process Statement's sensitivity list File: C:/Users/Evandita/Documents/GitHub/Proyek-Akhir-PSD-Kelompok-BP06/alu.vhd Line: 88
Warning (10492): VHDL Process Statement warning at alu.vhd(88): signal "OPERAND_21_B" is read inside the Process Statement but isn't in the Process Statement's sensitivity list File: C:/Users/Evandita/Documents/GitHub/Proyek-Akhir-PSD-Kelompok-BP06/alu.vhd Line: 88
Warning (10492): VHDL Process Statement warning at alu.vhd(89): signal "OPERAND_22_A" is read inside the Process Statement but isn't in the Process Statement's sensitivity list File: C:/Users/Evandita/Documents/GitHub/Proyek-Akhir-PSD-Kelompok-BP06/alu.vhd Line: 89
Warning (10492): VHDL Process Statement warning at alu.vhd(89): signal "OPERAND_22_B" is read inside the Process Statement but isn't in the Process Statement's sensitivity list File: C:/Users/Evandita/Documents/GitHub/Proyek-Akhir-PSD-Kelompok-BP06/alu.vhd Line: 89
Warning (10492): VHDL Process Statement warning at alu.vhd(90): signal "OPERAND_23_A" is read inside the Process Statement but isn't in the Process Statement's sensitivity list File: C:/Users/Evandita/Documents/GitHub/Proyek-Akhir-PSD-Kelompok-BP06/alu.vhd Line: 90
Warning (10492): VHDL Process Statement warning at alu.vhd(90): signal "OPERAND_23_B" is read inside the Process Statement but isn't in the Process Statement's sensitivity list File: C:/Users/Evandita/Documents/GitHub/Proyek-Akhir-PSD-Kelompok-BP06/alu.vhd Line: 90
Warning (10492): VHDL Process Statement warning at alu.vhd(91): signal "OPERAND_31_A" is read inside the Process Statement but isn't in the Process Statement's sensitivity list File: C:/Users/Evandita/Documents/GitHub/Proyek-Akhir-PSD-Kelompok-BP06/alu.vhd Line: 91
Warning (10492): VHDL Process Statement warning at alu.vhd(91): signal "OPERAND_31_B" is read inside the Process Statement but isn't in the Process Statement's sensitivity list File: C:/Users/Evandita/Documents/GitHub/Proyek-Akhir-PSD-Kelompok-BP06/alu.vhd Line: 91
Warning (10492): VHDL Process Statement warning at alu.vhd(92): signal "OPERAND_32_A" is read inside the Process Statement but isn't in the Process Statement's sensitivity list File: C:/Users/Evandita/Documents/GitHub/Proyek-Akhir-PSD-Kelompok-BP06/alu.vhd Line: 92
Warning (10492): VHDL Process Statement warning at alu.vhd(92): signal "OPERAND_32_B" is read inside the Process Statement but isn't in the Process Statement's sensitivity list File: C:/Users/Evandita/Documents/GitHub/Proyek-Akhir-PSD-Kelompok-BP06/alu.vhd Line: 92
Warning (10492): VHDL Process Statement warning at alu.vhd(93): signal "OPERAND_33_A" is read inside the Process Statement but isn't in the Process Statement's sensitivity list File: C:/Users/Evandita/Documents/GitHub/Proyek-Akhir-PSD-Kelompok-BP06/alu.vhd Line: 93
Warning (10492): VHDL Process Statement warning at alu.vhd(93): signal "OPERAND_33_B" is read inside the Process Statement but isn't in the Process Statement's sensitivity list File: C:/Users/Evandita/Documents/GitHub/Proyek-Akhir-PSD-Kelompok-BP06/alu.vhd Line: 93
Warning (10492): VHDL Process Statement warning at alu.vhd(96): signal "OPERAND_11_A" is read inside the Process Statement but isn't in the Process Statement's sensitivity list File: C:/Users/Evandita/Documents/GitHub/Proyek-Akhir-PSD-Kelompok-BP06/alu.vhd Line: 96
Warning (10492): VHDL Process Statement warning at alu.vhd(96): signal "OPERAND_11_B" is read inside the Process Statement but isn't in the Process Statement's sensitivity list File: C:/Users/Evandita/Documents/GitHub/Proyek-Akhir-PSD-Kelompok-BP06/alu.vhd Line: 96
Warning (10492): VHDL Process Statement warning at alu.vhd(97): signal "OPERAND_12_A" is read inside the Process Statement but isn't in the Process Statement's sensitivity list File: C:/Users/Evandita/Documents/GitHub/Proyek-Akhir-PSD-Kelompok-BP06/alu.vhd Line: 97
Warning (10492): VHDL Process Statement warning at alu.vhd(97): signal "OPERAND_12_B" is read inside the Process Statement but isn't in the Process Statement's sensitivity list File: C:/Users/Evandita/Documents/GitHub/Proyek-Akhir-PSD-Kelompok-BP06/alu.vhd Line: 97
Warning (10492): VHDL Process Statement warning at alu.vhd(98): signal "OPERAND_13_A" is read inside the Process Statement but isn't in the Process Statement's sensitivity list File: C:/Users/Evandita/Documents/GitHub/Proyek-Akhir-PSD-Kelompok-BP06/alu.vhd Line: 98
Warning (10492): VHDL Process Statement warning at alu.vhd(98): signal "OPERAND_13_B" is read inside the Process Statement but isn't in the Process Statement's sensitivity list File: C:/Users/Evandita/Documents/GitHub/Proyek-Akhir-PSD-Kelompok-BP06/alu.vhd Line: 98
Warning (10492): VHDL Process Statement warning at alu.vhd(99): signal "OPERAND_21_A" is read inside the Process Statement but isn't in the Process Statement's sensitivity list File: C:/Users/Evandita/Documents/GitHub/Proyek-Akhir-PSD-Kelompok-BP06/alu.vhd Line: 99
Warning (10492): VHDL Process Statement warning at alu.vhd(99): signal "OPERAND_21_B" is read inside the Process Statement but isn't in the Process Statement's sensitivity list File: C:/Users/Evandita/Documents/GitHub/Proyek-Akhir-PSD-Kelompok-BP06/alu.vhd Line: 99
Warning (10492): VHDL Process Statement warning at alu.vhd(100): signal "OPERAND_22_A" is read inside the Process Statement but isn't in the Process Statement's sensitivity list File: C:/Users/Evandita/Documents/GitHub/Proyek-Akhir-PSD-Kelompok-BP06/alu.vhd Line: 100
Warning (10492): VHDL Process Statement warning at alu.vhd(100): signal "OPERAND_22_B" is read inside the Process Statement but isn't in the Process Statement's sensitivity list File: C:/Users/Evandita/Documents/GitHub/Proyek-Akhir-PSD-Kelompok-BP06/alu.vhd Line: 100
Warning (10492): VHDL Process Statement warning at alu.vhd(101): signal "OPERAND_23_A" is read inside the Process Statement but isn't in the Process Statement's sensitivity list File: C:/Users/Evandita/Documents/GitHub/Proyek-Akhir-PSD-Kelompok-BP06/alu.vhd Line: 101
Warning (10492): VHDL Process Statement warning at alu.vhd(101): signal "OPERAND_23_B" is read inside the Process Statement but isn't in the Process Statement's sensitivity list File: C:/Users/Evandita/Documents/GitHub/Proyek-Akhir-PSD-Kelompok-BP06/alu.vhd Line: 101
Warning (10492): VHDL Process Statement warning at alu.vhd(102): signal "OPERAND_31_A" is read inside the Process Statement but isn't in the Process Statement's sensitivity list File: C:/Users/Evandita/Documents/GitHub/Proyek-Akhir-PSD-Kelompok-BP06/alu.vhd Line: 102
Warning (10492): VHDL Process Statement warning at alu.vhd(102): signal "OPERAND_31_B" is read inside the Process Statement but isn't in the Process Statement's sensitivity list File: C:/Users/Evandita/Documents/GitHub/Proyek-Akhir-PSD-Kelompok-BP06/alu.vhd Line: 102
Warning (10492): VHDL Process Statement warning at alu.vhd(103): signal "OPERAND_32_A" is read inside the Process Statement but isn't in the Process Statement's sensitivity list File: C:/Users/Evandita/Documents/GitHub/Proyek-Akhir-PSD-Kelompok-BP06/alu.vhd Line: 103
Warning (10492): VHDL Process Statement warning at alu.vhd(103): signal "OPERAND_32_B" is read inside the Process Statement but isn't in the Process Statement's sensitivity list File: C:/Users/Evandita/Documents/GitHub/Proyek-Akhir-PSD-Kelompok-BP06/alu.vhd Line: 103
Warning (10492): VHDL Process Statement warning at alu.vhd(104): signal "OPERAND_33_A" is read inside the Process Statement but isn't in the Process Statement's sensitivity list File: C:/Users/Evandita/Documents/GitHub/Proyek-Akhir-PSD-Kelompok-BP06/alu.vhd Line: 104
Warning (10492): VHDL Process Statement warning at alu.vhd(104): signal "OPERAND_33_B" is read inside the Process Statement but isn't in the Process Statement's sensitivity list File: C:/Users/Evandita/Documents/GitHub/Proyek-Akhir-PSD-Kelompok-BP06/alu.vhd Line: 104
Warning (10492): VHDL Process Statement warning at alu.vhd(107): signal "OPERAND_11_A" is read inside the Process Statement but isn't in the Process Statement's sensitivity list File: C:/Users/Evandita/Documents/GitHub/Proyek-Akhir-PSD-Kelompok-BP06/alu.vhd Line: 107
Warning (10492): VHDL Process Statement warning at alu.vhd(108): signal "OPERAND_12_A" is read inside the Process Statement but isn't in the Process Statement's sensitivity list File: C:/Users/Evandita/Documents/GitHub/Proyek-Akhir-PSD-Kelompok-BP06/alu.vhd Line: 108
Warning (10492): VHDL Process Statement warning at alu.vhd(109): signal "OPERAND_13_A" is read inside the Process Statement but isn't in the Process Statement's sensitivity list File: C:/Users/Evandita/Documents/GitHub/Proyek-Akhir-PSD-Kelompok-BP06/alu.vhd Line: 109
Warning (10492): VHDL Process Statement warning at alu.vhd(110): signal "OPERAND_21_A" is read inside the Process Statement but isn't in the Process Statement's sensitivity list File: C:/Users/Evandita/Documents/GitHub/Proyek-Akhir-PSD-Kelompok-BP06/alu.vhd Line: 110
Warning (10492): VHDL Process Statement warning at alu.vhd(111): signal "OPERAND_22_A" is read inside the Process Statement but isn't in the Process Statement's sensitivity list File: C:/Users/Evandita/Documents/GitHub/Proyek-Akhir-PSD-Kelompok-BP06/alu.vhd Line: 111
Warning (10492): VHDL Process Statement warning at alu.vhd(112): signal "OPERAND_23_A" is read inside the Process Statement but isn't in the Process Statement's sensitivity list File: C:/Users/Evandita/Documents/GitHub/Proyek-Akhir-PSD-Kelompok-BP06/alu.vhd Line: 112
Warning (10492): VHDL Process Statement warning at alu.vhd(113): signal "OPERAND_31_A" is read inside the Process Statement but isn't in the Process Statement's sensitivity list File: C:/Users/Evandita/Documents/GitHub/Proyek-Akhir-PSD-Kelompok-BP06/alu.vhd Line: 113
Warning (10492): VHDL Process Statement warning at alu.vhd(114): signal "OPERAND_32_A" is read inside the Process Statement but isn't in the Process Statement's sensitivity list File: C:/Users/Evandita/Documents/GitHub/Proyek-Akhir-PSD-Kelompok-BP06/alu.vhd Line: 114
Warning (10492): VHDL Process Statement warning at alu.vhd(115): signal "OPERAND_33_A" is read inside the Process Statement but isn't in the Process Statement's sensitivity list File: C:/Users/Evandita/Documents/GitHub/Proyek-Akhir-PSD-Kelompok-BP06/alu.vhd Line: 115
Warning (10492): VHDL Process Statement warning at alu.vhd(118): signal "OPERAND_11_A" is read inside the Process Statement but isn't in the Process Statement's sensitivity list File: C:/Users/Evandita/Documents/GitHub/Proyek-Akhir-PSD-Kelompok-BP06/alu.vhd Line: 118
Warning (10492): VHDL Process Statement warning at alu.vhd(119): signal "OPERAND_12_A" is read inside the Process Statement but isn't in the Process Statement's sensitivity list File: C:/Users/Evandita/Documents/GitHub/Proyek-Akhir-PSD-Kelompok-BP06/alu.vhd Line: 119
Warning (10492): VHDL Process Statement warning at alu.vhd(120): signal "OPERAND_13_A" is read inside the Process Statement but isn't in the Process Statement's sensitivity list File: C:/Users/Evandita/Documents/GitHub/Proyek-Akhir-PSD-Kelompok-BP06/alu.vhd Line: 120
Warning (10492): VHDL Process Statement warning at alu.vhd(121): signal "OPERAND_21_A" is read inside the Process Statement but isn't in the Process Statement's sensitivity list File: C:/Users/Evandita/Documents/GitHub/Proyek-Akhir-PSD-Kelompok-BP06/alu.vhd Line: 121
Warning (10492): VHDL Process Statement warning at alu.vhd(122): signal "OPERAND_22_A" is read inside the Process Statement but isn't in the Process Statement's sensitivity list File: C:/Users/Evandita/Documents/GitHub/Proyek-Akhir-PSD-Kelompok-BP06/alu.vhd Line: 122
Warning (10492): VHDL Process Statement warning at alu.vhd(123): signal "OPERAND_23_A" is read inside the Process Statement but isn't in the Process Statement's sensitivity list File: C:/Users/Evandita/Documents/GitHub/Proyek-Akhir-PSD-Kelompok-BP06/alu.vhd Line: 123
Warning (10492): VHDL Process Statement warning at alu.vhd(124): signal "OPERAND_31_A" is read inside the Process Statement but isn't in the Process Statement's sensitivity list File: C:/Users/Evandita/Documents/GitHub/Proyek-Akhir-PSD-Kelompok-BP06/alu.vhd Line: 124
Warning (10492): VHDL Process Statement warning at alu.vhd(125): signal "OPERAND_32_A" is read inside the Process Statement but isn't in the Process Statement's sensitivity list File: C:/Users/Evandita/Documents/GitHub/Proyek-Akhir-PSD-Kelompok-BP06/alu.vhd Line: 125
Warning (10492): VHDL Process Statement warning at alu.vhd(126): signal "OPERAND_33_A" is read inside the Process Statement but isn't in the Process Statement's sensitivity list File: C:/Users/Evandita/Documents/GitHub/Proyek-Akhir-PSD-Kelompok-BP06/alu.vhd Line: 126
Warning (10492): VHDL Process Statement warning at alu.vhd(129): signal "OPERAND_11_A" is read inside the Process Statement but isn't in the Process Statement's sensitivity list File: C:/Users/Evandita/Documents/GitHub/Proyek-Akhir-PSD-Kelompok-BP06/alu.vhd Line: 129
Warning (10492): VHDL Process Statement warning at alu.vhd(130): signal "OPERAND_12_A" is read inside the Process Statement but isn't in the Process Statement's sensitivity list File: C:/Users/Evandita/Documents/GitHub/Proyek-Akhir-PSD-Kelompok-BP06/alu.vhd Line: 130
Warning (10492): VHDL Process Statement warning at alu.vhd(131): signal "OPERAND_13_A" is read inside the Process Statement but isn't in the Process Statement's sensitivity list File: C:/Users/Evandita/Documents/GitHub/Proyek-Akhir-PSD-Kelompok-BP06/alu.vhd Line: 131
Warning (10492): VHDL Process Statement warning at alu.vhd(132): signal "OPERAND_21_A" is read inside the Process Statement but isn't in the Process Statement's sensitivity list File: C:/Users/Evandita/Documents/GitHub/Proyek-Akhir-PSD-Kelompok-BP06/alu.vhd Line: 132
Warning (10492): VHDL Process Statement warning at alu.vhd(133): signal "OPERAND_22_A" is read inside the Process Statement but isn't in the Process Statement's sensitivity list File: C:/Users/Evandita/Documents/GitHub/Proyek-Akhir-PSD-Kelompok-BP06/alu.vhd Line: 133
Warning (10492): VHDL Process Statement warning at alu.vhd(134): signal "OPERAND_23_A" is read inside the Process Statement but isn't in the Process Statement's sensitivity list File: C:/Users/Evandita/Documents/GitHub/Proyek-Akhir-PSD-Kelompok-BP06/alu.vhd Line: 134
Warning (10492): VHDL Process Statement warning at alu.vhd(135): signal "OPERAND_31_A" is read inside the Process Statement but isn't in the Process Statement's sensitivity list File: C:/Users/Evandita/Documents/GitHub/Proyek-Akhir-PSD-Kelompok-BP06/alu.vhd Line: 135
Warning (10492): VHDL Process Statement warning at alu.vhd(136): signal "OPERAND_32_A" is read inside the Process Statement but isn't in the Process Statement's sensitivity list File: C:/Users/Evandita/Documents/GitHub/Proyek-Akhir-PSD-Kelompok-BP06/alu.vhd Line: 136
Warning (10492): VHDL Process Statement warning at alu.vhd(137): signal "OPERAND_33_A" is read inside the Process Statement but isn't in the Process Statement's sensitivity list File: C:/Users/Evandita/Documents/GitHub/Proyek-Akhir-PSD-Kelompok-BP06/alu.vhd Line: 137
Warning (10492): VHDL Process Statement warning at alu.vhd(140): signal "OPERAND_11_A" is read inside the Process Statement but isn't in the Process Statement's sensitivity list File: C:/Users/Evandita/Documents/GitHub/Proyek-Akhir-PSD-Kelompok-BP06/alu.vhd Line: 140
Warning (10492): VHDL Process Statement warning at alu.vhd(141): signal "OPERAND_21_A" is read inside the Process Statement but isn't in the Process Statement's sensitivity list File: C:/Users/Evandita/Documents/GitHub/Proyek-Akhir-PSD-Kelompok-BP06/alu.vhd Line: 141
Warning (10492): VHDL Process Statement warning at alu.vhd(142): signal "OPERAND_31_A" is read inside the Process Statement but isn't in the Process Statement's sensitivity list File: C:/Users/Evandita/Documents/GitHub/Proyek-Akhir-PSD-Kelompok-BP06/alu.vhd Line: 142
Warning (10492): VHDL Process Statement warning at alu.vhd(143): signal "OPERAND_12_A" is read inside the Process Statement but isn't in the Process Statement's sensitivity list File: C:/Users/Evandita/Documents/GitHub/Proyek-Akhir-PSD-Kelompok-BP06/alu.vhd Line: 143
Warning (10492): VHDL Process Statement warning at alu.vhd(144): signal "OPERAND_22_A" is read inside the Process Statement but isn't in the Process Statement's sensitivity list File: C:/Users/Evandita/Documents/GitHub/Proyek-Akhir-PSD-Kelompok-BP06/alu.vhd Line: 144
Warning (10492): VHDL Process Statement warning at alu.vhd(145): signal "OPERAND_32_A" is read inside the Process Statement but isn't in the Process Statement's sensitivity list File: C:/Users/Evandita/Documents/GitHub/Proyek-Akhir-PSD-Kelompok-BP06/alu.vhd Line: 145
Warning (10492): VHDL Process Statement warning at alu.vhd(146): signal "OPERAND_13_A" is read inside the Process Statement but isn't in the Process Statement's sensitivity list File: C:/Users/Evandita/Documents/GitHub/Proyek-Akhir-PSD-Kelompok-BP06/alu.vhd Line: 146
Warning (10492): VHDL Process Statement warning at alu.vhd(147): signal "OPERAND_23_A" is read inside the Process Statement but isn't in the Process Statement's sensitivity list File: C:/Users/Evandita/Documents/GitHub/Proyek-Akhir-PSD-Kelompok-BP06/alu.vhd Line: 147
Warning (10492): VHDL Process Statement warning at alu.vhd(148): signal "OPERAND_33_A" is read inside the Process Statement but isn't in the Process Statement's sensitivity list File: C:/Users/Evandita/Documents/GitHub/Proyek-Akhir-PSD-Kelompok-BP06/alu.vhd Line: 148
Warning (10492): VHDL Process Statement warning at alu.vhd(152): signal "OPERAND_22_A" is read inside the Process Statement but isn't in the Process Statement's sensitivity list File: C:/Users/Evandita/Documents/GitHub/Proyek-Akhir-PSD-Kelompok-BP06/alu.vhd Line: 152
Warning (10492): VHDL Process Statement warning at alu.vhd(152): signal "OPERAND_33_A" is read inside the Process Statement but isn't in the Process Statement's sensitivity list File: C:/Users/Evandita/Documents/GitHub/Proyek-Akhir-PSD-Kelompok-BP06/alu.vhd Line: 152
Warning (10492): VHDL Process Statement warning at alu.vhd(152): signal "OPERAND_23_A" is read inside the Process Statement but isn't in the Process Statement's sensitivity list File: C:/Users/Evandita/Documents/GitHub/Proyek-Akhir-PSD-Kelompok-BP06/alu.vhd Line: 152
Warning (10492): VHDL Process Statement warning at alu.vhd(152): signal "OPERAND_32_A" is read inside the Process Statement but isn't in the Process Statement's sensitivity list File: C:/Users/Evandita/Documents/GitHub/Proyek-Akhir-PSD-Kelompok-BP06/alu.vhd Line: 152
Warning (10492): VHDL Process Statement warning at alu.vhd(153): signal "OPERAND_21_A" is read inside the Process Statement but isn't in the Process Statement's sensitivity list File: C:/Users/Evandita/Documents/GitHub/Proyek-Akhir-PSD-Kelompok-BP06/alu.vhd Line: 153
Warning (10492): VHDL Process Statement warning at alu.vhd(153): signal "OPERAND_33_A" is read inside the Process Statement but isn't in the Process Statement's sensitivity list File: C:/Users/Evandita/Documents/GitHub/Proyek-Akhir-PSD-Kelompok-BP06/alu.vhd Line: 153
Warning (10492): VHDL Process Statement warning at alu.vhd(153): signal "OPERAND_23_A" is read inside the Process Statement but isn't in the Process Statement's sensitivity list File: C:/Users/Evandita/Documents/GitHub/Proyek-Akhir-PSD-Kelompok-BP06/alu.vhd Line: 153
Warning (10492): VHDL Process Statement warning at alu.vhd(153): signal "OPERAND_31_A" is read inside the Process Statement but isn't in the Process Statement's sensitivity list File: C:/Users/Evandita/Documents/GitHub/Proyek-Akhir-PSD-Kelompok-BP06/alu.vhd Line: 153
Warning (10492): VHDL Process Statement warning at alu.vhd(154): signal "OPERAND_21_A" is read inside the Process Statement but isn't in the Process Statement's sensitivity list File: C:/Users/Evandita/Documents/GitHub/Proyek-Akhir-PSD-Kelompok-BP06/alu.vhd Line: 154
Warning (10492): VHDL Process Statement warning at alu.vhd(154): signal "OPERAND_32_A" is read inside the Process Statement but isn't in the Process Statement's sensitivity list File: C:/Users/Evandita/Documents/GitHub/Proyek-Akhir-PSD-Kelompok-BP06/alu.vhd Line: 154
Warning (10492): VHDL Process Statement warning at alu.vhd(154): signal "OPERAND_22_A" is read inside the Process Statement but isn't in the Process Statement's sensitivity list File: C:/Users/Evandita/Documents/GitHub/Proyek-Akhir-PSD-Kelompok-BP06/alu.vhd Line: 154
Warning (10492): VHDL Process Statement warning at alu.vhd(154): signal "OPERAND_31_A" is read inside the Process Statement but isn't in the Process Statement's sensitivity list File: C:/Users/Evandita/Documents/GitHub/Proyek-Akhir-PSD-Kelompok-BP06/alu.vhd Line: 154
Warning (10492): VHDL Process Statement warning at alu.vhd(156): signal "OPERAND_12_A" is read inside the Process Statement but isn't in the Process Statement's sensitivity list File: C:/Users/Evandita/Documents/GitHub/Proyek-Akhir-PSD-Kelompok-BP06/alu.vhd Line: 156
Warning (10492): VHDL Process Statement warning at alu.vhd(156): signal "OPERAND_33_A" is read inside the Process Statement but isn't in the Process Statement's sensitivity list File: C:/Users/Evandita/Documents/GitHub/Proyek-Akhir-PSD-Kelompok-BP06/alu.vhd Line: 156
Warning (10492): VHDL Process Statement warning at alu.vhd(156): signal "OPERAND_13_A" is read inside the Process Statement but isn't in the Process Statement's sensitivity list File: C:/Users/Evandita/Documents/GitHub/Proyek-Akhir-PSD-Kelompok-BP06/alu.vhd Line: 156
Warning (10492): VHDL Process Statement warning at alu.vhd(156): signal "OPERAND_32_A" is read inside the Process Statement but isn't in the Process Statement's sensitivity list File: C:/Users/Evandita/Documents/GitHub/Proyek-Akhir-PSD-Kelompok-BP06/alu.vhd Line: 156
Warning (10492): VHDL Process Statement warning at alu.vhd(157): signal "OPERAND_11_A" is read inside the Process Statement but isn't in the Process Statement's sensitivity list File: C:/Users/Evandita/Documents/GitHub/Proyek-Akhir-PSD-Kelompok-BP06/alu.vhd Line: 157
Warning (10492): VHDL Process Statement warning at alu.vhd(157): signal "OPERAND_33_A" is read inside the Process Statement but isn't in the Process Statement's sensitivity list File: C:/Users/Evandita/Documents/GitHub/Proyek-Akhir-PSD-Kelompok-BP06/alu.vhd Line: 157
Warning (10492): VHDL Process Statement warning at alu.vhd(157): signal "OPERAND_13_A" is read inside the Process Statement but isn't in the Process Statement's sensitivity list File: C:/Users/Evandita/Documents/GitHub/Proyek-Akhir-PSD-Kelompok-BP06/alu.vhd Line: 157
Warning (10492): VHDL Process Statement warning at alu.vhd(157): signal "OPERAND_31_A" is read inside the Process Statement but isn't in the Process Statement's sensitivity list File: C:/Users/Evandita/Documents/GitHub/Proyek-Akhir-PSD-Kelompok-BP06/alu.vhd Line: 157
Warning (10492): VHDL Process Statement warning at alu.vhd(158): signal "OPERAND_11_A" is read inside the Process Statement but isn't in the Process Statement's sensitivity list File: C:/Users/Evandita/Documents/GitHub/Proyek-Akhir-PSD-Kelompok-BP06/alu.vhd Line: 158
Warning (10492): VHDL Process Statement warning at alu.vhd(158): signal "OPERAND_32_A" is read inside the Process Statement but isn't in the Process Statement's sensitivity list File: C:/Users/Evandita/Documents/GitHub/Proyek-Akhir-PSD-Kelompok-BP06/alu.vhd Line: 158
Warning (10492): VHDL Process Statement warning at alu.vhd(158): signal "OPERAND_12_A" is read inside the Process Statement but isn't in the Process Statement's sensitivity list File: C:/Users/Evandita/Documents/GitHub/Proyek-Akhir-PSD-Kelompok-BP06/alu.vhd Line: 158
Warning (10492): VHDL Process Statement warning at alu.vhd(158): signal "OPERAND_31_A" is read inside the Process Statement but isn't in the Process Statement's sensitivity list File: C:/Users/Evandita/Documents/GitHub/Proyek-Akhir-PSD-Kelompok-BP06/alu.vhd Line: 158
Warning (10492): VHDL Process Statement warning at alu.vhd(160): signal "OPERAND_12_A" is read inside the Process Statement but isn't in the Process Statement's sensitivity list File: C:/Users/Evandita/Documents/GitHub/Proyek-Akhir-PSD-Kelompok-BP06/alu.vhd Line: 160
Warning (10492): VHDL Process Statement warning at alu.vhd(160): signal "OPERAND_23_A" is read inside the Process Statement but isn't in the Process Statement's sensitivity list File: C:/Users/Evandita/Documents/GitHub/Proyek-Akhir-PSD-Kelompok-BP06/alu.vhd Line: 160
Warning (10492): VHDL Process Statement warning at alu.vhd(160): signal "OPERAND_13_A" is read inside the Process Statement but isn't in the Process Statement's sensitivity list File: C:/Users/Evandita/Documents/GitHub/Proyek-Akhir-PSD-Kelompok-BP06/alu.vhd Line: 160
Warning (10492): VHDL Process Statement warning at alu.vhd(160): signal "OPERAND_22_A" is read inside the Process Statement but isn't in the Process Statement's sensitivity list File: C:/Users/Evandita/Documents/GitHub/Proyek-Akhir-PSD-Kelompok-BP06/alu.vhd Line: 160
Warning (10492): VHDL Process Statement warning at alu.vhd(161): signal "OPERAND_11_A" is read inside the Process Statement but isn't in the Process Statement's sensitivity list File: C:/Users/Evandita/Documents/GitHub/Proyek-Akhir-PSD-Kelompok-BP06/alu.vhd Line: 161
Warning (10492): VHDL Process Statement warning at alu.vhd(161): signal "OPERAND_23_A" is read inside the Process Statement but isn't in the Process Statement's sensitivity list File: C:/Users/Evandita/Documents/GitHub/Proyek-Akhir-PSD-Kelompok-BP06/alu.vhd Line: 161
Warning (10492): VHDL Process Statement warning at alu.vhd(161): signal "OPERAND_13_A" is read inside the Process Statement but isn't in the Process Statement's sensitivity list File: C:/Users/Evandita/Documents/GitHub/Proyek-Akhir-PSD-Kelompok-BP06/alu.vhd Line: 161
Warning (10492): VHDL Process Statement warning at alu.vhd(161): signal "OPERAND_21_A" is read inside the Process Statement but isn't in the Process Statement's sensitivity list File: C:/Users/Evandita/Documents/GitHub/Proyek-Akhir-PSD-Kelompok-BP06/alu.vhd Line: 161
Warning (10492): VHDL Process Statement warning at alu.vhd(162): signal "OPERAND_11_A" is read inside the Process Statement but isn't in the Process Statement's sensitivity list File: C:/Users/Evandita/Documents/GitHub/Proyek-Akhir-PSD-Kelompok-BP06/alu.vhd Line: 162
Warning (10492): VHDL Process Statement warning at alu.vhd(162): signal "OPERAND_22_A" is read inside the Process Statement but isn't in the Process Statement's sensitivity list File: C:/Users/Evandita/Documents/GitHub/Proyek-Akhir-PSD-Kelompok-BP06/alu.vhd Line: 162
Warning (10492): VHDL Process Statement warning at alu.vhd(162): signal "OPERAND_12_A" is read inside the Process Statement but isn't in the Process Statement's sensitivity list File: C:/Users/Evandita/Documents/GitHub/Proyek-Akhir-PSD-Kelompok-BP06/alu.vhd Line: 162
Warning (10492): VHDL Process Statement warning at alu.vhd(162): signal "OPERAND_21_A" is read inside the Process Statement but isn't in the Process Statement's sensitivity list File: C:/Users/Evandita/Documents/GitHub/Proyek-Akhir-PSD-Kelompok-BP06/alu.vhd Line: 162
Warning (10492): VHDL Process Statement warning at alu.vhd(166): signal "OPERAND_11_A" is read inside the Process Statement but isn't in the Process Statement's sensitivity list File: C:/Users/Evandita/Documents/GitHub/Proyek-Akhir-PSD-Kelompok-BP06/alu.vhd Line: 166
Warning (10492): VHDL Process Statement warning at alu.vhd(166): signal "OPERAND_11_B" is read inside the Process Statement but isn't in the Process Statement's sensitivity list File: C:/Users/Evandita/Documents/GitHub/Proyek-Akhir-PSD-Kelompok-BP06/alu.vhd Line: 166
Warning (10492): VHDL Process Statement warning at alu.vhd(166): signal "OPERAND_12_A" is read inside the Process Statement but isn't in the Process Statement's sensitivity list File: C:/Users/Evandita/Documents/GitHub/Proyek-Akhir-PSD-Kelompok-BP06/alu.vhd Line: 166
Warning (10492): VHDL Process Statement warning at alu.vhd(166): signal "OPERAND_21_B" is read inside the Process Statement but isn't in the Process Statement's sensitivity list File: C:/Users/Evandita/Documents/GitHub/Proyek-Akhir-PSD-Kelompok-BP06/alu.vhd Line: 166
Warning (10492): VHDL Process Statement warning at alu.vhd(166): signal "OPERAND_13_A" is read inside the Process Statement but isn't in the Process Statement's sensitivity list File: C:/Users/Evandita/Documents/GitHub/Proyek-Akhir-PSD-Kelompok-BP06/alu.vhd Line: 166
Warning (10492): VHDL Process Statement warning at alu.vhd(166): signal "OPERAND_31_B" is read inside the Process Statement but isn't in the Process Statement's sensitivity list File: C:/Users/Evandita/Documents/GitHub/Proyek-Akhir-PSD-Kelompok-BP06/alu.vhd Line: 166
Warning (10492): VHDL Process Statement warning at alu.vhd(167): signal "OPERAND_11_A" is read inside the Process Statement but isn't in the Process Statement's sensitivity list File: C:/Users/Evandita/Documents/GitHub/Proyek-Akhir-PSD-Kelompok-BP06/alu.vhd Line: 167
Warning (10492): VHDL Process Statement warning at alu.vhd(167): signal "OPERAND_12_B" is read inside the Process Statement but isn't in the Process Statement's sensitivity list File: C:/Users/Evandita/Documents/GitHub/Proyek-Akhir-PSD-Kelompok-BP06/alu.vhd Line: 167
Warning (10492): VHDL Process Statement warning at alu.vhd(167): signal "OPERAND_12_A" is read inside the Process Statement but isn't in the Process Statement's sensitivity list File: C:/Users/Evandita/Documents/GitHub/Proyek-Akhir-PSD-Kelompok-BP06/alu.vhd Line: 167
Warning (10492): VHDL Process Statement warning at alu.vhd(167): signal "OPERAND_22_B" is read inside the Process Statement but isn't in the Process Statement's sensitivity list File: C:/Users/Evandita/Documents/GitHub/Proyek-Akhir-PSD-Kelompok-BP06/alu.vhd Line: 167
Warning (10492): VHDL Process Statement warning at alu.vhd(167): signal "OPERAND_13_A" is read inside the Process Statement but isn't in the Process Statement's sensitivity list File: C:/Users/Evandita/Documents/GitHub/Proyek-Akhir-PSD-Kelompok-BP06/alu.vhd Line: 167
Warning (10492): VHDL Process Statement warning at alu.vhd(167): signal "OPERAND_32_B" is read inside the Process Statement but isn't in the Process Statement's sensitivity list File: C:/Users/Evandita/Documents/GitHub/Proyek-Akhir-PSD-Kelompok-BP06/alu.vhd Line: 167
Warning (10492): VHDL Process Statement warning at alu.vhd(168): signal "OPERAND_11_A" is read inside the Process Statement but isn't in the Process Statement's sensitivity list File: C:/Users/Evandita/Documents/GitHub/Proyek-Akhir-PSD-Kelompok-BP06/alu.vhd Line: 168
Warning (10492): VHDL Process Statement warning at alu.vhd(168): signal "OPERAND_13_B" is read inside the Process Statement but isn't in the Process Statement's sensitivity list File: C:/Users/Evandita/Documents/GitHub/Proyek-Akhir-PSD-Kelompok-BP06/alu.vhd Line: 168
Warning (10492): VHDL Process Statement warning at alu.vhd(168): signal "OPERAND_12_A" is read inside the Process Statement but isn't in the Process Statement's sensitivity list File: C:/Users/Evandita/Documents/GitHub/Proyek-Akhir-PSD-Kelompok-BP06/alu.vhd Line: 168
Warning (10492): VHDL Process Statement warning at alu.vhd(168): signal "OPERAND_23_B" is read inside the Process Statement but isn't in the Process Statement's sensitivity list File: C:/Users/Evandita/Documents/GitHub/Proyek-Akhir-PSD-Kelompok-BP06/alu.vhd Line: 168
Warning (10492): VHDL Process Statement warning at alu.vhd(168): signal "OPERAND_13_A" is read inside the Process Statement but isn't in the Process Statement's sensitivity list File: C:/Users/Evandita/Documents/GitHub/Proyek-Akhir-PSD-Kelompok-BP06/alu.vhd Line: 168
Warning (10492): VHDL Process Statement warning at alu.vhd(168): signal "OPERAND_33_B" is read inside the Process Statement but isn't in the Process Statement's sensitivity list File: C:/Users/Evandita/Documents/GitHub/Proyek-Akhir-PSD-Kelompok-BP06/alu.vhd Line: 168
Warning (10492): VHDL Process Statement warning at alu.vhd(169): signal "OPERAND_21_A" is read inside the Process Statement but isn't in the Process Statement's sensitivity list File: C:/Users/Evandita/Documents/GitHub/Proyek-Akhir-PSD-Kelompok-BP06/alu.vhd Line: 169
Warning (10492): VHDL Process Statement warning at alu.vhd(169): signal "OPERAND_11_B" is read inside the Process Statement but isn't in the Process Statement's sensitivity list File: C:/Users/Evandita/Documents/GitHub/Proyek-Akhir-PSD-Kelompok-BP06/alu.vhd Line: 169
Warning (10492): VHDL Process Statement warning at alu.vhd(169): signal "OPERAND_22_A" is read inside the Process Statement but isn't in the Process Statement's sensitivity list File: C:/Users/Evandita/Documents/GitHub/Proyek-Akhir-PSD-Kelompok-BP06/alu.vhd Line: 169
Warning (10492): VHDL Process Statement warning at alu.vhd(169): signal "OPERAND_21_B" is read inside the Process Statement but isn't in the Process Statement's sensitivity list File: C:/Users/Evandita/Documents/GitHub/Proyek-Akhir-PSD-Kelompok-BP06/alu.vhd Line: 169
Warning (10492): VHDL Process Statement warning at alu.vhd(169): signal "OPERAND_23_A" is read inside the Process Statement but isn't in the Process Statement's sensitivity list File: C:/Users/Evandita/Documents/GitHub/Proyek-Akhir-PSD-Kelompok-BP06/alu.vhd Line: 169
Warning (10492): VHDL Process Statement warning at alu.vhd(169): signal "OPERAND_31_B" is read inside the Process Statement but isn't in the Process Statement's sensitivity list File: C:/Users/Evandita/Documents/GitHub/Proyek-Akhir-PSD-Kelompok-BP06/alu.vhd Line: 169
Warning (10492): VHDL Process Statement warning at alu.vhd(170): signal "OPERAND_21_A" is read inside the Process Statement but isn't in the Process Statement's sensitivity list File: C:/Users/Evandita/Documents/GitHub/Proyek-Akhir-PSD-Kelompok-BP06/alu.vhd Line: 170
Warning (10492): VHDL Process Statement warning at alu.vhd(170): signal "OPERAND_12_B" is read inside the Process Statement but isn't in the Process Statement's sensitivity list File: C:/Users/Evandita/Documents/GitHub/Proyek-Akhir-PSD-Kelompok-BP06/alu.vhd Line: 170
Warning (10492): VHDL Process Statement warning at alu.vhd(170): signal "OPERAND_22_A" is read inside the Process Statement but isn't in the Process Statement's sensitivity list File: C:/Users/Evandita/Documents/GitHub/Proyek-Akhir-PSD-Kelompok-BP06/alu.vhd Line: 170
Warning (10492): VHDL Process Statement warning at alu.vhd(170): signal "OPERAND_22_B" is read inside the Process Statement but isn't in the Process Statement's sensitivity list File: C:/Users/Evandita/Documents/GitHub/Proyek-Akhir-PSD-Kelompok-BP06/alu.vhd Line: 170
Warning (10492): VHDL Process Statement warning at alu.vhd(170): signal "OPERAND_23_A" is read inside the Process Statement but isn't in the Process Statement's sensitivity list File: C:/Users/Evandita/Documents/GitHub/Proyek-Akhir-PSD-Kelompok-BP06/alu.vhd Line: 170
Warning (10492): VHDL Process Statement warning at alu.vhd(170): signal "OPERAND_32_B" is read inside the Process Statement but isn't in the Process Statement's sensitivity list File: C:/Users/Evandita/Documents/GitHub/Proyek-Akhir-PSD-Kelompok-BP06/alu.vhd Line: 170
Warning (10492): VHDL Process Statement warning at alu.vhd(171): signal "OPERAND_21_A" is read inside the Process Statement but isn't in the Process Statement's sensitivity list File: C:/Users/Evandita/Documents/GitHub/Proyek-Akhir-PSD-Kelompok-BP06/alu.vhd Line: 171
Warning (10492): VHDL Process Statement warning at alu.vhd(171): signal "OPERAND_13_B" is read inside the Process Statement but isn't in the Process Statement's sensitivity list File: C:/Users/Evandita/Documents/GitHub/Proyek-Akhir-PSD-Kelompok-BP06/alu.vhd Line: 171
Warning (10492): VHDL Process Statement warning at alu.vhd(171): signal "OPERAND_22_A" is read inside the Process Statement but isn't in the Process Statement's sensitivity list File: C:/Users/Evandita/Documents/GitHub/Proyek-Akhir-PSD-Kelompok-BP06/alu.vhd Line: 171
Warning (10492): VHDL Process Statement warning at alu.vhd(171): signal "OPERAND_23_B" is read inside the Process Statement but isn't in the Process Statement's sensitivity list File: C:/Users/Evandita/Documents/GitHub/Proyek-Akhir-PSD-Kelompok-BP06/alu.vhd Line: 171
Warning (10492): VHDL Process Statement warning at alu.vhd(171): signal "OPERAND_23_A" is read inside the Process Statement but isn't in the Process Statement's sensitivity list File: C:/Users/Evandita/Documents/GitHub/Proyek-Akhir-PSD-Kelompok-BP06/alu.vhd Line: 171
Warning (10492): VHDL Process Statement warning at alu.vhd(171): signal "OPERAND_33_B" is read inside the Process Statement but isn't in the Process Statement's sensitivity list File: C:/Users/Evandita/Documents/GitHub/Proyek-Akhir-PSD-Kelompok-BP06/alu.vhd Line: 171
Warning (10492): VHDL Process Statement warning at alu.vhd(172): signal "OPERAND_31_A" is read inside the Process Statement but isn't in the Process Statement's sensitivity list File: C:/Users/Evandita/Documents/GitHub/Proyek-Akhir-PSD-Kelompok-BP06/alu.vhd Line: 172
Warning (10492): VHDL Process Statement warning at alu.vhd(172): signal "OPERAND_11_B" is read inside the Process Statement but isn't in the Process Statement's sensitivity list File: C:/Users/Evandita/Documents/GitHub/Proyek-Akhir-PSD-Kelompok-BP06/alu.vhd Line: 172
Warning (10492): VHDL Process Statement warning at alu.vhd(172): signal "OPERAND_32_A" is read inside the Process Statement but isn't in the Process Statement's sensitivity list File: C:/Users/Evandita/Documents/GitHub/Proyek-Akhir-PSD-Kelompok-BP06/alu.vhd Line: 172
Warning (10492): VHDL Process Statement warning at alu.vhd(172): signal "OPERAND_21_B" is read inside the Process Statement but isn't in the Process Statement's sensitivity list File: C:/Users/Evandita/Documents/GitHub/Proyek-Akhir-PSD-Kelompok-BP06/alu.vhd Line: 172
Warning (10492): VHDL Process Statement warning at alu.vhd(172): signal "OPERAND_33_A" is read inside the Process Statement but isn't in the Process Statement's sensitivity list File: C:/Users/Evandita/Documents/GitHub/Proyek-Akhir-PSD-Kelompok-BP06/alu.vhd Line: 172
Warning (10492): VHDL Process Statement warning at alu.vhd(172): signal "OPERAND_31_B" is read inside the Process Statement but isn't in the Process Statement's sensitivity list File: C:/Users/Evandita/Documents/GitHub/Proyek-Akhir-PSD-Kelompok-BP06/alu.vhd Line: 172
Warning (10492): VHDL Process Statement warning at alu.vhd(173): signal "OPERAND_31_A" is read inside the Process Statement but isn't in the Process Statement's sensitivity list File: C:/Users/Evandita/Documents/GitHub/Proyek-Akhir-PSD-Kelompok-BP06/alu.vhd Line: 173
Warning (10492): VHDL Process Statement warning at alu.vhd(173): signal "OPERAND_12_B" is read inside the Process Statement but isn't in the Process Statement's sensitivity list File: C:/Users/Evandita/Documents/GitHub/Proyek-Akhir-PSD-Kelompok-BP06/alu.vhd Line: 173
Warning (10492): VHDL Process Statement warning at alu.vhd(173): signal "OPERAND_32_A" is read inside the Process Statement but isn't in the Process Statement's sensitivity list File: C:/Users/Evandita/Documents/GitHub/Proyek-Akhir-PSD-Kelompok-BP06/alu.vhd Line: 173
Warning (10492): VHDL Process Statement warning at alu.vhd(173): signal "OPERAND_22_B" is read inside the Process Statement but isn't in the Process Statement's sensitivity list File: C:/Users/Evandita/Documents/GitHub/Proyek-Akhir-PSD-Kelompok-BP06/alu.vhd Line: 173
Warning (10492): VHDL Process Statement warning at alu.vhd(173): signal "OPERAND_33_A" is read inside the Process Statement but isn't in the Process Statement's sensitivity list File: C:/Users/Evandita/Documents/GitHub/Proyek-Akhir-PSD-Kelompok-BP06/alu.vhd Line: 173
Warning (10492): VHDL Process Statement warning at alu.vhd(173): signal "OPERAND_32_B" is read inside the Process Statement but isn't in the Process Statement's sensitivity list File: C:/Users/Evandita/Documents/GitHub/Proyek-Akhir-PSD-Kelompok-BP06/alu.vhd Line: 173
Warning (10492): VHDL Process Statement warning at alu.vhd(174): signal "OPERAND_31_A" is read inside the Process Statement but isn't in the Process Statement's sensitivity list File: C:/Users/Evandita/Documents/GitHub/Proyek-Akhir-PSD-Kelompok-BP06/alu.vhd Line: 174
Warning (10492): VHDL Process Statement warning at alu.vhd(174): signal "OPERAND_13_B" is read inside the Process Statement but isn't in the Process Statement's sensitivity list File: C:/Users/Evandita/Documents/GitHub/Proyek-Akhir-PSD-Kelompok-BP06/alu.vhd Line: 174
Warning (10492): VHDL Process Statement warning at alu.vhd(174): signal "OPERAND_32_A" is read inside the Process Statement but isn't in the Process Statement's sensitivity list File: C:/Users/Evandita/Documents/GitHub/Proyek-Akhir-PSD-Kelompok-BP06/alu.vhd Line: 174
Warning (10492): VHDL Process Statement warning at alu.vhd(174): signal "OPERAND_23_B" is read inside the Process Statement but isn't in the Process Statement's sensitivity list File: C:/Users/Evandita/Documents/GitHub/Proyek-Akhir-PSD-Kelompok-BP06/alu.vhd Line: 174
Warning (10492): VHDL Process Statement warning at alu.vhd(174): signal "OPERAND_33_A" is read inside the Process Statement but isn't in the Process Statement's sensitivity list File: C:/Users/Evandita/Documents/GitHub/Proyek-Akhir-PSD-Kelompok-BP06/alu.vhd Line: 174
Warning (10492): VHDL Process Statement warning at alu.vhd(174): signal "OPERAND_33_B" is read inside the Process Statement but isn't in the Process Statement's sensitivity list File: C:/Users/Evandita/Documents/GitHub/Proyek-Akhir-PSD-Kelompok-BP06/alu.vhd Line: 174
Info: Quartus Prime Analysis & Elaboration was successful. 0 errors, 165 warnings
    Info: Peak virtual memory: 4851 megabytes
    Info: Processing ended: Sat Dec 23 22:21:31 2023
    Info: Elapsed time: 00:00:09
    Info: Total CPU time (on all processors): 00:00:11


